2025-12-10 17:28:22,785:__main__:INFO:Using API key credential
2025-12-10 17:28:22,786:__main__:INFO:Connecting to VoiceLive API with model gpt-realtime
2025-12-10 17:28:23,211:__main__:INFO:AudioProcessor initialized with 24kHz PCM16 mono audio
2025-12-10 17:28:23,211:__main__:INFO:Setting up voice conversation session...
2025-12-10 17:28:23,213:__main__:INFO:Session configuration sent
2025-12-10 17:28:23,228:__main__:INFO:Audio playback system ready
2025-12-10 17:28:23,280:__main__:INFO:Voice assistant ready! Start speaking...
2025-12-10 17:28:23,433:__main__:INFO:Session ready: sess_ClNtXEXZOgsw9FtwxI3Ix
2025-12-10 17:28:23,456:__main__:INFO:Started audio capture
2025-12-10 17:28:26,118:__main__:INFO:User started speaking - stopping playback
2025-12-10 17:28:27,735:__main__:INFO:\U0001f3a4 User stopped speaking
2025-12-10 17:28:27,743:__main__:INFO:\U0001f916 Assistant response created
2025-12-10 17:28:29,960:__main__:INFO:\U0001f916 Assistant finished speaking
2025-12-10 17:28:29,969:__main__:INFO:\u2705 Response complete
2025-12-10 17:28:36,112:__main__:INFO:User started speaking - stopping playback
2025-12-10 17:28:38,153:__main__:INFO:\U0001f3a4 User stopped speaking
2025-12-10 17:28:38,173:__main__:INFO:\U0001f916 Assistant response created
2025-12-10 17:28:39,932:__main__:INFO:\U0001f916 Assistant finished speaking
2025-12-10 17:28:39,938:__main__:INFO:\u2705 Response complete
2025-12-10 17:28:48,158:__main__:INFO:User started speaking - stopping playback
2025-12-10 17:28:48,851:__main__:INFO:\U0001f3a4 User stopped speaking
2025-12-10 17:28:48,854:__main__:INFO:\U0001f916 Assistant response created
2025-12-10 17:28:48,960:__main__:INFO:User started speaking - stopping playback
2025-12-10 17:28:48,967:__main__:INFO:\u2705 Response complete
2025-12-10 17:28:51,029:__main__:INFO:\U0001f3a4 User stopped speaking
2025-12-10 17:28:51,035:__main__:INFO:\U0001f916 Assistant response created
2025-12-10 17:28:51,069:__main__:INFO:User started speaking - stopping playback
2025-12-10 17:28:51,078:__main__:INFO:\u2705 Response complete
2025-12-10 17:28:53,075:__main__:INFO:\U0001f3a4 User stopped speaking
2025-12-10 17:28:53,081:__main__:INFO:\U0001f916 Assistant response created
2025-12-10 17:29:16,753:__main__:INFO:\U0001f916 Assistant finished speaking
2025-12-10 17:29:16,760:__main__:INFO:\u2705 Response complete
2025-12-10 17:29:36,533:__main__:INFO:User started speaking - stopping playback
2025-12-10 17:29:39,077:__main__:INFO:\U0001f3a4 User stopped speaking
2025-12-10 17:29:39,080:__main__:INFO:\U0001f916 Assistant response created
2025-12-10 17:29:41,724:__main__:INFO:\U0001f916 Assistant finished speaking
2025-12-10 17:29:41,729:__main__:INFO:\u2705 Response complete
2025-12-10 17:29:46,801:__main__:INFO:User started speaking - stopping playback
2025-12-10 17:29:48,279:__main__:INFO:\U0001f3a4 User stopped speaking
2025-12-10 17:29:48,283:__main__:INFO:\U0001f916 Assistant response created
2025-12-10 17:29:52,356:__main__:INFO:\U0001f916 Assistant finished speaking
2025-12-10 17:29:52,362:__main__:INFO:\u2705 Response complete
2025-12-10 17:30:02,340:__main__:INFO:Received shutdown signal
2025-12-10 17:30:02,404:__main__:INFO:Stopped audio capture
2025-12-10 17:30:02,541:__main__:INFO:Stopped audio playback
2025-12-10 17:30:02,542:__main__:INFO:Audio processor cleaned up
