2025-12-10 19:06:06,702:__main__:INFO:Using API key credential
2025-12-10 19:06:06,703:__main__:INFO:Connecting to VoiceLive API with model gpt-realtime
2025-12-10 19:06:07,084:__main__:INFO:AudioProcessor initialized with 24kHz PCM16 mono audio
2025-12-10 19:06:07,085:__main__:INFO:Setting up voice conversation session...
2025-12-10 19:06:07,086:__main__:INFO:Session configuration sent
2025-12-10 19:06:07,103:__main__:INFO:Audio playback system ready
2025-12-10 19:06:07,182:__main__:INFO:Started audio capture
2025-12-10 19:06:07,182:__main__:INFO:Audio capture started at program start
2025-12-10 19:06:07,182:__main__:INFO:Voice assistant ready! Start speaking...
2025-12-10 19:06:07,240:__main__:INFO:Session ready: sess_ClPQ7md3NwxZpNQB3bKTG
2025-12-10 19:06:13,134:__main__:INFO:User started speaking - stopping playback
2025-12-10 19:06:14,191:__main__:INFO:\U0001f3a4 User stopped speaking
2025-12-10 19:06:14,193:__main__:INFO:\U0001f916 Assistant response created
2025-12-10 19:06:17,951:__main__:INFO:\U0001f916 Assistant finished speaking
2025-12-10 19:06:17,954:__main__:INFO:\u2705 Response complete
2025-12-10 19:06:32,074:__main__:INFO:User started speaking - stopping playback
2025-12-10 19:06:33,534:__main__:INFO:\U0001f3a4 User stopped speaking
2025-12-10 19:06:33,536:__main__:INFO:\U0001f916 Assistant response created
2025-12-10 19:06:40,001:__main__:INFO:\U0001f916 Assistant finished speaking
2025-12-10 19:06:40,003:__main__:INFO:\u2705 Response complete
2025-12-10 19:06:57,854:__main__:INFO:User started speaking - stopping playback
2025-12-10 19:07:00,238:__main__:INFO:\U0001f3a4 User stopped speaking
2025-12-10 19:07:00,240:__main__:INFO:\U0001f916 Assistant response created
2025-12-10 19:07:07,467:__main__:INFO:\U0001f916 Assistant finished speaking
2025-12-10 19:07:07,470:__main__:INFO:\u2705 Response complete
2025-12-10 19:07:27,323:__main__:INFO:User started speaking - stopping playback
2025-12-10 19:07:27,890:__main__:INFO:\U0001f3a4 User stopped speaking
2025-12-10 19:07:27,893:__main__:INFO:\U0001f916 Assistant response created
2025-12-10 19:07:32,139:__main__:INFO:\U0001f916 Assistant finished speaking
2025-12-10 19:07:32,141:__main__:INFO:\u2705 Response complete
2025-12-10 19:07:37,133:__main__:INFO:Received shutdown signal
2025-12-10 19:07:37,182:__main__:INFO:Stopped audio capture
2025-12-10 19:07:37,310:__main__:INFO:Stopped audio playback
2025-12-10 19:07:37,311:__main__:INFO:Audio processor cleaned up
