2025-12-10 18:59:39,821:__main__:INFO:Using API key credential
2025-12-10 18:59:39,823:__main__:INFO:Connecting to VoiceLive API with model gpt-realtime
2025-12-10 18:59:40,241:__main__:INFO:AudioProcessor initialized with 24kHz PCM16 mono audio
2025-12-10 18:59:40,241:__main__:INFO:Setting up voice conversation session...
2025-12-10 18:59:40,244:__main__:INFO:Session configuration sent
2025-12-10 18:59:40,266:__main__:INFO:Audio playback system ready
2025-12-10 18:59:40,343:__main__:INFO:Started audio capture
2025-12-10 18:59:40,343:__main__:INFO:Audio capture started at program start
2025-12-10 18:59:40,343:__main__:INFO:Voice assistant ready! Start speaking...
2025-12-10 18:59:40,552:__main__:INFO:Session ready: sess_ClPJsh4Qi02K7PmQYD0du
2025-12-10 18:59:48,355:__main__:INFO:User started speaking - stopping playback
2025-12-10 18:59:49,065:__main__:INFO:\U0001f3a4 User stopped speaking
2025-12-10 18:59:49,077:__main__:INFO:\U0001f916 Assistant response created
2025-12-10 18:59:52,326:__main__:INFO:\U0001f916 Assistant finished speaking
2025-12-10 18:59:52,336:__main__:INFO:\u2705 Response complete
2025-12-10 19:00:00,234:__main__:INFO:User started speaking - stopping playback
2025-12-10 19:00:01,116:__main__:INFO:\U0001f3a4 User stopped speaking
2025-12-10 19:00:01,136:__main__:INFO:\U0001f916 Assistant response created
2025-12-10 19:00:06,730:__main__:INFO:\U0001f916 Assistant finished speaking
2025-12-10 19:00:06,733:__main__:INFO:\u2705 Response complete
2025-12-10 19:00:21,034:__main__:INFO:User started speaking - stopping playback
2025-12-10 19:00:21,904:__main__:INFO:\U0001f3a4 User stopped speaking
2025-12-10 19:00:21,908:__main__:INFO:\U0001f916 Assistant response created
2025-12-10 19:00:25,966:__main__:INFO:\U0001f916 Assistant finished speaking
2025-12-10 19:00:25,968:__main__:INFO:\u2705 Response complete
2025-12-10 19:00:36,159:__main__:INFO:User started speaking - stopping playback
2025-12-10 19:00:37,313:__main__:INFO:\U0001f3a4 User stopped speaking
2025-12-10 19:00:37,316:__main__:INFO:\U0001f916 Assistant response created
2025-12-10 19:00:40,458:__main__:INFO:\U0001f916 Assistant finished speaking
2025-12-10 19:00:40,463:__main__:INFO:\u2705 Response complete
2025-12-10 19:00:48,435:__main__:INFO:User started speaking - stopping playback
2025-12-10 19:00:49,434:__main__:INFO:\U0001f3a4 User stopped speaking
2025-12-10 19:00:49,438:__main__:INFO:\U0001f916 Assistant response created
2025-12-10 19:00:53,954:__main__:INFO:\U0001f916 Assistant finished speaking
2025-12-10 19:00:53,957:__main__:INFO:\u2705 Response complete
2025-12-10 19:01:05,084:__main__:INFO:User started speaking - stopping playback
2025-12-10 19:01:06,002:__main__:INFO:\U0001f3a4 User stopped speaking
2025-12-10 19:01:06,006:__main__:INFO:\U0001f916 Assistant response created
2025-12-10 19:01:12,875:__main__:INFO:\U0001f916 Assistant finished speaking
2025-12-10 19:01:12,882:__main__:INFO:\u2705 Response complete
2025-12-10 19:01:30,239:__main__:INFO:User started speaking - stopping playback
2025-12-10 19:01:31,008:__main__:INFO:\U0001f3a4 User stopped speaking
2025-12-10 19:01:31,105:__main__:INFO:\U0001f916 Assistant response created
2025-12-10 19:01:35,736:__main__:INFO:\U0001f916 Assistant finished speaking
2025-12-10 19:01:35,742:__main__:INFO:\u2705 Response complete
2025-12-10 19:01:46,973:__main__:INFO:User started speaking - stopping playback
2025-12-10 19:01:48,703:__main__:INFO:\U0001f3a4 User stopped speaking
2025-12-10 19:01:48,707:__main__:INFO:\U0001f916 Assistant response created
2025-12-10 19:01:51,572:__main__:INFO:\U0001f916 Assistant finished speaking
2025-12-10 19:01:51,575:__main__:INFO:\u2705 Response complete
2025-12-10 19:01:58,685:__main__:INFO:User started speaking - stopping playback
2025-12-10 19:01:59,956:__main__:INFO:\U0001f3a4 User stopped speaking
2025-12-10 19:01:59,966:__main__:INFO:\U0001f916 Assistant response created
2025-12-10 19:02:03,049:__main__:INFO:\U0001f916 Assistant finished speaking
2025-12-10 19:02:03,054:__main__:INFO:\u2705 Response complete
2025-12-10 19:02:06,120:__main__:INFO:Received shutdown signal
2025-12-10 19:02:06,185:__main__:INFO:Stopped audio capture
2025-12-10 19:02:06,279:__main__:INFO:Stopped audio playback
2025-12-10 19:02:06,280:__main__:INFO:Audio processor cleaned up
